EN trigcon NULL /afs/slac.stanford.edu/u/el/jjo/TidAir/Projects/LG_Pizza_BPM/xilinx/vhdlV30/trigcon.vhd sub00/vhpl17 1597442570
EN bpm_x NULL /afs/slac.stanford.edu/u/el/jjo/TidAir/Projects/LG_Pizza_BPM/xilinx/vhdlV30/bpm_x.vhd sub00/vhpl33 1597442586
EN trighandshake NULL /afs/slac.stanford.edu/u/el/jjo/TidAir/Projects/LG_Pizza_BPM/xilinx/vhdlV30/trighandshake.vhd sub00/vhpl19 1597442572
PH bpm NULL /afs/slac.stanford.edu/u/el/jjo/TidAir/Projects/LG_Pizza_BPM/xilinx/vhdlV30/bpm_pkg.vhd sub00/vhpl00 1597442553
AR regseq behaviour /afs/slac.stanford.edu/u/el/jjo/TidAir/Projects/LG_Pizza_BPM/xilinx/vhdlV30/regseq.vhd sub00/vhpl26 1597442579
AR trigcon behavioral /afs/slac.stanford.edu/u/el/jjo/TidAir/Projects/LG_Pizza_BPM/xilinx/vhdlV30/trigcon.vhd sub00/vhpl18 1597442571
EN clk2x NULL /afs/slac.stanford.edu/u/el/jjo/TidAir/Projects/LG_Pizza_BPM/xilinx/vhdlV30/coregen/clk2x/clk2x.vhd sub00/vhpl13 1597442566
AR transmit behaviour /afs/slac.stanford.edu/u/el/jjo/TidAir/Projects/LG_Pizza_BPM/xilinx/vhdlV30/transmit.vhd sub00/vhpl10 1597442563
EN prog_strobe NULL /afs/slac.stanford.edu/u/el/jjo/TidAir/Projects/LG_Pizza_BPM/xilinx/vhdlV30/prog_strobe.vhd sub00/vhpl01 1597442554
EN rs232intf NULL /afs/slac.stanford.edu/u/el/jjo/TidAir/Projects/LG_Pizza_BPM/xilinx/vhdlV30/rs232intf.vhd sub00/vhpl23 1597442576
AR cal_seq behaviour /afs/slac.stanford.edu/u/el/jjo/TidAir/Projects/LG_Pizza_BPM/xilinx/vhdlV30/cal_seq.vhd sub00/vhpl32 1597442585
AR qspi behaviour /afs/slac.stanford.edu/u/el/jjo/TidAir/Projects/LG_Pizza_BPM/xilinx/vhdlV30/qspi.vhd sub00/vhpl22 1597442575
AR clk2x behavioral /afs/slac.stanford.edu/u/el/jjo/TidAir/Projects/LG_Pizza_BPM/xilinx/vhdlV30/coregen/clk2x/clk2x.vhd sub00/vhpl14 1597442567
EN qspi NULL /afs/slac.stanford.edu/u/el/jjo/TidAir/Projects/LG_Pizza_BPM/xilinx/vhdlV30/qspi.vhd sub00/vhpl21 1597442574
EN rs232_rx NULL /afs/slac.stanford.edu/u/el/jjo/TidAir/Projects/LG_Pizza_BPM/xilinx/vhdlV30/rs232_rx.vhd sub00/vhpl05 1597442558
AR limiter behaviour /afs/slac.stanford.edu/u/el/jjo/TidAir/Projects/LG_Pizza_BPM/xilinx/vhdlV30/limiter.vhd sub00/vhpl30 1597442583
EN rs232_tx NULL /afs/slac.stanford.edu/u/el/jjo/TidAir/Projects/LG_Pizza_BPM/xilinx/vhdlV30/rs232_tx.vhd sub00/vhpl11 1597442564
AR prog_strobe behaviour /afs/slac.stanford.edu/u/el/jjo/TidAir/Projects/LG_Pizza_BPM/xilinx/vhdlV30/prog_strobe.vhd sub00/vhpl02 1597442555
EN regseq NULL /afs/slac.stanford.edu/u/el/jjo/TidAir/Projects/LG_Pizza_BPM/xilinx/vhdlV30/regseq.vhd sub00/vhpl25 1597442578
AR bpm_x behaviour /afs/slac.stanford.edu/u/el/jjo/TidAir/Projects/LG_Pizza_BPM/xilinx/vhdlV30/bpm_x.vhd sub00/vhpl34 1597442587
AR oneshot behaviour /afs/slac.stanford.edu/u/el/jjo/TidAir/Projects/LG_Pizza_BPM/xilinx/vhdlV30/oneshot.vhd sub00/vhpl04 1597442557
EN clkdiv3 NULL /afs/slac.stanford.edu/u/el/jjo/TidAir/Projects/LG_Pizza_BPM/xilinx/vhdlV30/coregen/ClkDiv3/clkdiv3.vhd sub00/vhpl15 1597442568
EN receive NULL /afs/slac.stanford.edu/u/el/jjo/TidAir/Projects/LG_Pizza_BPM/xilinx/vhdlV30/receive.vhd sub00/vhpl07 1597442560
AR trighandshake behaviour /afs/slac.stanford.edu/u/el/jjo/TidAir/Projects/LG_Pizza_BPM/xilinx/vhdlV30/trighandshake.vhd sub00/vhpl20 1597442573
EN bpm_reg NULL /afs/slac.stanford.edu/u/el/jjo/TidAir/Projects/LG_Pizza_BPM/xilinx/vhdlV30/bpm_reg.vhd sub00/vhpl27 1597442580
EN cal_seq NULL /afs/slac.stanford.edu/u/el/jjo/TidAir/Projects/LG_Pizza_BPM/xilinx/vhdlV30/cal_seq.vhd sub00/vhpl31 1597442584
EN limiter NULL /afs/slac.stanford.edu/u/el/jjo/TidAir/Projects/LG_Pizza_BPM/xilinx/vhdlV30/limiter.vhd sub00/vhpl29 1597442582
AR receive behaviour /afs/slac.stanford.edu/u/el/jjo/TidAir/Projects/LG_Pizza_BPM/xilinx/vhdlV30/receive.vhd sub00/vhpl08 1597442561
AR rs232intf behaviour /afs/slac.stanford.edu/u/el/jjo/TidAir/Projects/LG_Pizza_BPM/xilinx/vhdlV30/rs232intf.vhd sub00/vhpl24 1597442577
AR rs232_tx behaviour /afs/slac.stanford.edu/u/el/jjo/TidAir/Projects/LG_Pizza_BPM/xilinx/vhdlV30/rs232_tx.vhd sub00/vhpl12 1597442565
AR clkdiv3 behavioral /afs/slac.stanford.edu/u/el/jjo/TidAir/Projects/LG_Pizza_BPM/xilinx/vhdlV30/coregen/ClkDiv3/clkdiv3.vhd sub00/vhpl16 1597442569
EN transmit NULL /afs/slac.stanford.edu/u/el/jjo/TidAir/Projects/LG_Pizza_BPM/xilinx/vhdlV30/transmit.vhd sub00/vhpl09 1597442562
AR rs232_rx behaviour /afs/slac.stanford.edu/u/el/jjo/TidAir/Projects/LG_Pizza_BPM/xilinx/vhdlV30/rs232_rx.vhd sub00/vhpl06 1597442559
AR bpm_reg behaviour /afs/slac.stanford.edu/u/el/jjo/TidAir/Projects/LG_Pizza_BPM/xilinx/vhdlV30/bpm_reg.vhd sub00/vhpl28 1597442581
EN oneshot NULL /afs/slac.stanford.edu/u/el/jjo/TidAir/Projects/LG_Pizza_BPM/xilinx/vhdlV30/oneshot.vhd sub00/vhpl03 1597442556
