V3 92
FL /afs/slac.stanford.edu/u/el/jjo/TidAir/Projects/LG_Pizza_BPM/xilinx/vhdlV30/bpm_pkg.vhd 2020/08/14.14:57:02 P.20131013
PH work/bpm 1597442553 \
      FL /afs/slac.stanford.edu/u/el/jjo/TidAir/Projects/LG_Pizza_BPM/xilinx/vhdlV30/bpm_pkg.vhd \
      PB ieee/std_logic_1164 1381692176 PB ieee/STD_LOGIC_UNSIGNED 1381692179 \
      CD bpm_x CD prog_strobe CD qspi CD bpm_reg CD limiter CD cal_seq CD rs232_rx \
      CD rs232_tx CD transmit CD receive CD rs232intf CD regseq CD BUFG CD clkdiv3 \
      CD clkdiv2 CD oneshot CD clk2x CD trigcon CD trighandshake
FL /afs/slac.stanford.edu/u/el/jjo/TidAir/Projects/LG_Pizza_BPM/xilinx/vhdlV30/bpm_reg.vhd 2020/08/14.14:45:50 P.20131013
EN work/bpm_reg 1597442580 \
      FL /afs/slac.stanford.edu/u/el/jjo/TidAir/Projects/LG_Pizza_BPM/xilinx/vhdlV30/bpm_reg.vhd \
      PH work/bpm 1597442553 PB ieee/std_logic_1164 1381692176 \
      PB ieee/STD_LOGIC_UNSIGNED 1381692179
AR work/bpm_reg/Behaviour 1597442581 \
      FL /afs/slac.stanford.edu/u/el/jjo/TidAir/Projects/LG_Pizza_BPM/xilinx/vhdlV30/bpm_reg.vhd \
      EN work/bpm_reg 1597442580
FL /afs/slac.stanford.edu/u/el/jjo/TidAir/Projects/LG_Pizza_BPM/xilinx/vhdlV30/bpm_x.vhd 2020/08/14.14:47:38 P.20131013
EN work/bpm_x 1597442586 \
      FL /afs/slac.stanford.edu/u/el/jjo/TidAir/Projects/LG_Pizza_BPM/xilinx/vhdlV30/bpm_x.vhd \
      PH work/bpm 1597442553 PB ieee/std_logic_1164 1381692176 \
      PB ieee/STD_LOGIC_UNSIGNED 1381692179
AR work/bpm_x/Behaviour 1597442587 \
      FL /afs/slac.stanford.edu/u/el/jjo/TidAir/Projects/LG_Pizza_BPM/xilinx/vhdlV30/bpm_x.vhd \
      EN work/bpm_x 1597442586 CP clk2x CP clkdiv3 CP trigcon CP trighandshake \
      CP QSPI CP rs232intf CP regseq CP bpm_reg CP limiter CP cal_seq
FL /afs/slac.stanford.edu/u/el/jjo/TidAir/Projects/LG_Pizza_BPM/xilinx/vhdlV30/cal_seq.vhd 2020/08/14.14:48:08 P.20131013
EN work/cal_seq 1597442584 \
      FL /afs/slac.stanford.edu/u/el/jjo/TidAir/Projects/LG_Pizza_BPM/xilinx/vhdlV30/cal_seq.vhd \
      PH work/bpm 1597442553 PB ieee/std_logic_1164 1381692176 \
      PB ieee/STD_LOGIC_UNSIGNED 1381692179
AR work/cal_seq/Behaviour 1597442585 \
      FL /afs/slac.stanford.edu/u/el/jjo/TidAir/Projects/LG_Pizza_BPM/xilinx/vhdlV30/cal_seq.vhd \
      EN work/cal_seq 1597442584
FL /afs/slac.stanford.edu/u/el/jjo/TidAir/Projects/LG_Pizza_BPM/xilinx/vhdlV30/coregen/clk2x/clk2x.vhd 2020/08/14.13:38:06 P.20131013
EN work/clk2x 1597442566 \
      FL /afs/slac.stanford.edu/u/el/jjo/TidAir/Projects/LG_Pizza_BPM/xilinx/vhdlV30/coregen/clk2x/clk2x.vhd \
      PB ieee/std_logic_1164 1381692176 PB ieee/NUMERIC_STD 1381692181 LB UNISIM \
      PH unisim/VCOMPONENTS 1381692182
AR work/clk2x/BEHAVIORAL 1597442567 \
      FL /afs/slac.stanford.edu/u/el/jjo/TidAir/Projects/LG_Pizza_BPM/xilinx/vhdlV30/coregen/clk2x/clk2x.vhd \
      EN work/clk2x 1597442566 CP IBUFG CP BUFG CP DCM
FL /afs/slac.stanford.edu/u/el/jjo/TidAir/Projects/LG_Pizza_BPM/xilinx/vhdlV30/coregen/ClkDiv3/clkdiv3.vhd 2020/08/14.13:38:06 P.20131013
EN work/clkdiv3 1597442568 \
      FL /afs/slac.stanford.edu/u/el/jjo/TidAir/Projects/LG_Pizza_BPM/xilinx/vhdlV30/coregen/ClkDiv3/clkdiv3.vhd \
      PB ieee/std_logic_1164 1381692176 PB ieee/NUMERIC_STD 1381692181 LB UNISIM \
      PH unisim/VCOMPONENTS 1381692182
AR work/clkdiv3/BEHAVIORAL 1597442569 \
      FL /afs/slac.stanford.edu/u/el/jjo/TidAir/Projects/LG_Pizza_BPM/xilinx/vhdlV30/coregen/ClkDiv3/clkdiv3.vhd \
      EN work/clkdiv3 1597442568 CP BUFG CP DCM
FL /afs/slac.stanford.edu/u/el/jjo/TidAir/Projects/LG_Pizza_BPM/xilinx/vhdlV30/limiter.vhd 2020/08/14.14:48:29 P.20131013
EN work/limiter 1597442582 \
      FL /afs/slac.stanford.edu/u/el/jjo/TidAir/Projects/LG_Pizza_BPM/xilinx/vhdlV30/limiter.vhd \
      PH work/bpm 1597442553 PB ieee/std_logic_1164 1381692176 \
      PB ieee/STD_LOGIC_UNSIGNED 1381692179
AR work/limiter/Behaviour 1597442583 \
      FL /afs/slac.stanford.edu/u/el/jjo/TidAir/Projects/LG_Pizza_BPM/xilinx/vhdlV30/limiter.vhd \
      EN work/limiter 1597442582 CP prog_strobe CP oneshot
FL /afs/slac.stanford.edu/u/el/jjo/TidAir/Projects/LG_Pizza_BPM/xilinx/vhdlV30/oneshot.vhd 2020/08/14.14:48:44 P.20131013
EN work/oneshot 1597442556 \
      FL /afs/slac.stanford.edu/u/el/jjo/TidAir/Projects/LG_Pizza_BPM/xilinx/vhdlV30/oneshot.vhd \
      PH work/bpm 1597442553 PB ieee/std_logic_1164 1381692176 \
      PB ieee/STD_LOGIC_UNSIGNED 1381692179
AR work/oneshot/Behaviour 1597442557 \
      FL /afs/slac.stanford.edu/u/el/jjo/TidAir/Projects/LG_Pizza_BPM/xilinx/vhdlV30/oneshot.vhd \
      EN work/oneshot 1597442556
FL /afs/slac.stanford.edu/u/el/jjo/TidAir/Projects/LG_Pizza_BPM/xilinx/vhdlV30/prog_strobe.vhd 2020/08/14.14:49:05 P.20131013
EN work/prog_strobe 1597442554 \
      FL /afs/slac.stanford.edu/u/el/jjo/TidAir/Projects/LG_Pizza_BPM/xilinx/vhdlV30/prog_strobe.vhd \
      PH work/bpm 1597442553 PB ieee/std_logic_1164 1381692176 \
      PB ieee/STD_LOGIC_UNSIGNED 1381692179
AR work/prog_strobe/Behaviour 1597442555 \
      FL /afs/slac.stanford.edu/u/el/jjo/TidAir/Projects/LG_Pizza_BPM/xilinx/vhdlV30/prog_strobe.vhd \
      EN work/prog_strobe 1597442554
FL /afs/slac.stanford.edu/u/el/jjo/TidAir/Projects/LG_Pizza_BPM/xilinx/vhdlV30/qspi.vhd 2020/08/14.14:58:33 P.20131013
EN work/qspi 1597442574 \
      FL /afs/slac.stanford.edu/u/el/jjo/TidAir/Projects/LG_Pizza_BPM/xilinx/vhdlV30/qspi.vhd \
      PB ieee/std_logic_1164 1381692176 PB ieee/STD_LOGIC_UNSIGNED 1381692179
AR work/qspi/Behaviour 1597442575 \
      FL /afs/slac.stanford.edu/u/el/jjo/TidAir/Projects/LG_Pizza_BPM/xilinx/vhdlV30/qspi.vhd \
      EN work/qspi 1597442574
FL /afs/slac.stanford.edu/u/el/jjo/TidAir/Projects/LG_Pizza_BPM/xilinx/vhdlV30/receive.vhd 2020/08/14.14:50:16 P.20131013
EN work/receive 1597442560 \
      FL /afs/slac.stanford.edu/u/el/jjo/TidAir/Projects/LG_Pizza_BPM/xilinx/vhdlV30/receive.vhd \
      PB ieee/std_logic_1164 1381692176 PB ieee/STD_LOGIC_UNSIGNED 1381692179 \
      PB ieee/std_logic_arith 1381692177 PB ieee/NUMERIC_STD 1381692181 \
      PH work/bpm 1597442553
AR work/receive/BEHAVIOUR 1597442561 \
      FL /afs/slac.stanford.edu/u/el/jjo/TidAir/Projects/LG_Pizza_BPM/xilinx/vhdlV30/receive.vhd \
      EN work/receive 1597442560
FL /afs/slac.stanford.edu/u/el/jjo/TidAir/Projects/LG_Pizza_BPM/xilinx/vhdlV30/regseq.vhd 2020/08/14.14:50:39 P.20131013
EN work/regseq 1597442578 \
      FL /afs/slac.stanford.edu/u/el/jjo/TidAir/Projects/LG_Pizza_BPM/xilinx/vhdlV30/regseq.vhd \
      PB ieee/std_logic_1164 1381692176 PB ieee/STD_LOGIC_UNSIGNED 1381692179 \
      PB ieee/std_logic_arith 1381692177 PB ieee/NUMERIC_STD 1381692181 \
      PH work/bpm 1597442553
AR work/regseq/BEHAVIOUR 1597442579 \
      FL /afs/slac.stanford.edu/u/el/jjo/TidAir/Projects/LG_Pizza_BPM/xilinx/vhdlV30/regseq.vhd \
      EN work/regseq 1597442578
FL /afs/slac.stanford.edu/u/el/jjo/TidAir/Projects/LG_Pizza_BPM/xilinx/vhdlV30/rs232intf.vhd 2020/08/14.13:38:05 P.20131013
EN work/rs232intf 1597442576 \
      FL /afs/slac.stanford.edu/u/el/jjo/TidAir/Projects/LG_Pizza_BPM/xilinx/vhdlV30/rs232intf.vhd \
      PB ieee/std_logic_1164 1381692176 PB ieee/STD_LOGIC_UNSIGNED 1381692179 \
      PB ieee/std_logic_arith 1381692177 PB ieee/NUMERIC_STD 1381692181 \
      PH work/bpm 1597442553
AR work/rs232intf/BEHAVIOUR 1597442577 \
      FL /afs/slac.stanford.edu/u/el/jjo/TidAir/Projects/LG_Pizza_BPM/xilinx/vhdlV30/rs232intf.vhd \
      EN work/rs232intf 1597442576 CP rs232_rx CP receive CP transmit CP rs232_tx
FL /afs/slac.stanford.edu/u/el/jjo/TidAir/Projects/LG_Pizza_BPM/xilinx/vhdlV30/rs232_rx.vhd 2020/08/14.14:50:57 P.20131013
EN work/rs232_rx 1597442558 \
      FL /afs/slac.stanford.edu/u/el/jjo/TidAir/Projects/LG_Pizza_BPM/xilinx/vhdlV30/rs232_rx.vhd \
      PB ieee/std_logic_1164 1381692176 PB ieee/STD_LOGIC_UNSIGNED 1381692179 \
      PB ieee/std_logic_arith 1381692177 PB ieee/NUMERIC_STD 1381692181 \
      PH work/bpm 1597442553
AR work/rs232_rx/BEHAVIOUR 1597442559 \
      FL /afs/slac.stanford.edu/u/el/jjo/TidAir/Projects/LG_Pizza_BPM/xilinx/vhdlV30/rs232_rx.vhd \
      EN work/rs232_rx 1597442558
FL /afs/slac.stanford.edu/u/el/jjo/TidAir/Projects/LG_Pizza_BPM/xilinx/vhdlV30/rs232_tx.vhd 2020/08/14.13:38:05 P.20131013
EN work/rs232_tx 1597442564 \
      FL /afs/slac.stanford.edu/u/el/jjo/TidAir/Projects/LG_Pizza_BPM/xilinx/vhdlV30/rs232_tx.vhd \
      PB ieee/std_logic_1164 1381692176 PB ieee/STD_LOGIC_UNSIGNED 1381692179 \
      PB ieee/std_logic_arith 1381692177 PH work/bpm 1597442553
AR work/rs232_tx/BEHAVIOUR 1597442565 \
      FL /afs/slac.stanford.edu/u/el/jjo/TidAir/Projects/LG_Pizza_BPM/xilinx/vhdlV30/rs232_tx.vhd \
      EN work/rs232_tx 1597442564
FL /afs/slac.stanford.edu/u/el/jjo/TidAir/Projects/LG_Pizza_BPM/xilinx/vhdlV30/transmit.vhd 2020/08/14.14:51:36 P.20131013
EN work/transmit 1597442562 \
      FL /afs/slac.stanford.edu/u/el/jjo/TidAir/Projects/LG_Pizza_BPM/xilinx/vhdlV30/transmit.vhd \
      PB ieee/std_logic_1164 1381692176 PB ieee/STD_LOGIC_UNSIGNED 1381692179 \
      PB ieee/std_logic_arith 1381692177 PB ieee/NUMERIC_STD 1381692181 \
      PH work/bpm 1597442553
AR work/transmit/BEHAVIOUR 1597442563 \
      FL /afs/slac.stanford.edu/u/el/jjo/TidAir/Projects/LG_Pizza_BPM/xilinx/vhdlV30/transmit.vhd \
      EN work/transmit 1597442562
FL /afs/slac.stanford.edu/u/el/jjo/TidAir/Projects/LG_Pizza_BPM/xilinx/vhdlV30/trigcon.vhd 2020/08/14.14:51:52 P.20131013
EN work/trigcon 1597442570 \
      FL /afs/slac.stanford.edu/u/el/jjo/TidAir/Projects/LG_Pizza_BPM/xilinx/vhdlV30/trigcon.vhd \
      PB ieee/std_logic_1164 1381692176 PB ieee/std_logic_arith 1381692177 \
      PB ieee/STD_LOGIC_UNSIGNED 1381692179
AR work/trigcon/Behavioral 1597442571 \
      FL /afs/slac.stanford.edu/u/el/jjo/TidAir/Projects/LG_Pizza_BPM/xilinx/vhdlV30/trigcon.vhd \
      EN work/trigcon 1597442570
FL /afs/slac.stanford.edu/u/el/jjo/TidAir/Projects/LG_Pizza_BPM/xilinx/vhdlV30/trighandshake.vhd 2020/08/14.14:52:05 P.20131013
EN work/trighandshake 1597442572 \
      FL /afs/slac.stanford.edu/u/el/jjo/TidAir/Projects/LG_Pizza_BPM/xilinx/vhdlV30/trighandshake.vhd \
      PH work/bpm 1597442553 PB ieee/std_logic_1164 1381692176 \
      PB ieee/STD_LOGIC_UNSIGNED 1381692179
AR work/trighandshake/Behaviour 1597442573 \
      FL /afs/slac.stanford.edu/u/el/jjo/TidAir/Projects/LG_Pizza_BPM/xilinx/vhdlV30/trighandshake.vhd \
      EN work/trighandshake 1597442572
